Archive member included because of file (symbol)

c:/program files (x86)/gnu tools arm embedded/4.9 2015q1/bin/../lib/gcc/arm-none-eabi/4.9.3/armv7e-m\libgcc.a(_arm_addsubdf3.o)
                              ..\obj\main.o (__aeabi_dsub)
c:/program files (x86)/gnu tools arm embedded/4.9 2015q1/bin/../lib/gcc/arm-none-eabi/4.9.3/armv7e-m\libgcc.a(_arm_muldivdf3.o)
                              ..\obj\main.o (__aeabi_dmul)
c:/program files (x86)/gnu tools arm embedded/4.9 2015q1/bin/../lib/gcc/arm-none-eabi/4.9.3/../../../../arm-none-eabi/lib/armv7e-m\libg.a(lib_a-exit.o)
                              c:/program files (x86)/gnu tools arm embedded/4.9 2015q1/bin/../lib/gcc/arm-none-eabi/4.9.3/../../../../arm-none-eabi/lib/armv7e-m/crt0.o (exit)
c:/program files (x86)/gnu tools arm embedded/4.9 2015q1/bin/../lib/gcc/arm-none-eabi/4.9.3/../../../../arm-none-eabi/lib/armv7e-m\libg.a(lib_a-impure.o)
                              c:/program files (x86)/gnu tools arm embedded/4.9 2015q1/bin/../lib/gcc/arm-none-eabi/4.9.3/../../../../arm-none-eabi/lib/armv7e-m\libg.a(lib_a-exit.o) (_global_impure_ptr)
c:/program files (x86)/gnu tools arm embedded/4.9 2015q1/bin/../lib/gcc/arm-none-eabi/4.9.3/../../../../arm-none-eabi/lib/armv7e-m\libg.a(lib_a-init.o)
                              c:/program files (x86)/gnu tools arm embedded/4.9 2015q1/bin/../lib/gcc/arm-none-eabi/4.9.3/../../../../arm-none-eabi/lib/armv7e-m/crt0.o (__libc_init_array)
c:/program files (x86)/gnu tools arm embedded/4.9 2015q1/bin/../lib/gcc/arm-none-eabi/4.9.3/../../../../arm-none-eabi/lib/armv7e-m\libg.a(lib_a-memset.o)
                              c:/program files (x86)/gnu tools arm embedded/4.9 2015q1/bin/../lib/gcc/arm-none-eabi/4.9.3/../../../../arm-none-eabi/lib/armv7e-m/crt0.o (memset)
c:/program files (x86)/gnu tools arm embedded/4.9 2015q1/bin/../lib/gcc/arm-none-eabi/4.9.3/../../../../arm-none-eabi/lib/armv7e-m\libg.a(lib_a-__call_atexit.o)
                              c:/program files (x86)/gnu tools arm embedded/4.9 2015q1/bin/../lib/gcc/arm-none-eabi/4.9.3/../../../../arm-none-eabi/lib/armv7e-m\libg.a(lib_a-exit.o) (__call_exitprocs)
c:/program files (x86)/gnu tools arm embedded/4.9 2015q1/bin/../lib/gcc/arm-none-eabi/4.9.3/../../../../arm-none-eabi/lib/armv7e-m\libg.a(lib_a-atexit.o)
                              c:/program files (x86)/gnu tools arm embedded/4.9 2015q1/bin/../lib/gcc/arm-none-eabi/4.9.3/../../../../arm-none-eabi/lib/armv7e-m\libg.a(lib_a-__call_atexit.o) (atexit)
c:/program files (x86)/gnu tools arm embedded/4.9 2015q1/bin/../lib/gcc/arm-none-eabi/4.9.3/../../../../arm-none-eabi/lib/armv7e-m\libg.a(lib_a-fini.o)
                              c:/program files (x86)/gnu tools arm embedded/4.9 2015q1/bin/../lib/gcc/arm-none-eabi/4.9.3/../../../../arm-none-eabi/lib/armv7e-m\libg.a(lib_a-__call_atexit.o) (__libc_fini_array)
c:/program files (x86)/gnu tools arm embedded/4.9 2015q1/bin/../lib/gcc/arm-none-eabi/4.9.3/../../../../arm-none-eabi/lib/armv7e-m\libg.a(lib_a-__atexit.o)
                              c:/program files (x86)/gnu tools arm embedded/4.9 2015q1/bin/../lib/gcc/arm-none-eabi/4.9.3/../../../../arm-none-eabi/lib/armv7e-m\libg.a(lib_a-atexit.o) (__register_exitproc)

Allocating common symbols
Common symbol       size              file

SD_Read             0x4               ..\obj\main.o
FatFs               0x238             ..\obj\main.o
pui32DataRx         0x8               ..\obj\main.o
idir_name           0x4               ..\obj\main.o
month               0x1               ..\obj\main.o
ulPeriod            0x4               ..\obj\datalogger.o
br                  0x4               ..\obj\main.o
full_date           0x8               ..\obj\main.o
SWRead              0x4               ..\obj\main.o
file_name           0x9               ..\obj\main.o
filesize            0x4               ..\obj\main.o
full_time           0x8               ..\obj\main.o
hour                0x1               ..\obj\main.o
dir_name            0x8               ..\obj\main.o
fr                  0x1               ..\obj\main.o
dir                 0x4               ..\obj\main.o
min                 0x1               ..\obj\main.o
year                0x1               ..\obj\main.o
sec                 0x1               ..\obj\main.o
day                 0x1               ..\obj\main.o
ulStatus            0x4               ..\obj\main.o
t_bs                0x8               ..\obj\main.o
hr                  0x8               ..\obj\main.o
date                0x1               ..\obj\main.o
str                 0x8               ..\obj\main.o
_USDELAY_BASE       0x4               ..\obj\delay.o
fil                 0x224             ..\obj\main.o
ifile_name          0x4               ..\obj\main.o
_MSDELAY_BASE       0x4               ..\obj\delay.o

Discarded input sections

 .text          0x00000000        0x0 c:/program files (x86)/gnu tools arm embedded/4.9 2015q1/bin/../lib/gcc/arm-none-eabi/4.9.3/armv7e-m/crti.o
[...]
Memory Configuration

Name             Origin             Length             Attributes
rom              0x00000000         0x00040000         xr
ram              0x20000000         0x00008000         xrw
*default*        0x00000000         0xffffffff

Linker script and memory map

LOAD c:/program files (x86)/gnu tools arm embedded/4.9 2015q1/bin/../lib/gcc/arm-none-eabi/4.9.3/armv7e-m/crti.o
LOAD c:/program files (x86)/gnu tools arm embedded/4.9 2015q1/bin/../lib/gcc/arm-none-eabi/4.9.3/armv7e-m/crtbegin.o
LOAD c:/program files (x86)/gnu tools arm embedded/4.9 2015q1/bin/../lib/gcc/arm-none-eabi/4.9.3/../../../../arm-none-eabi/lib/armv7e-m/crt0.o
                0x20008000                _eram = 0x20008000

.text           0x00000000     0x1d00
 *(.isr_vector)
 .isr_vector    0x00000000      0x26c ..\obj\startup_Cortex_M4.o
                0x00000000                g_pfnVectors
 *(.text*)
 .text          0x0000026c       0x5c c:/program files (x86)/gnu tools arm embedded/4.9 2015q1/bin/../lib/gcc/arm-none-eabi/4.9.3/armv7e-m/crtbegin.o
 .text.delayMS  0x000002c8       0x24 ..\obj\delay.o
                0x000002c8                delayMS
 .text.delayUS  0x000002ec       0x24 ..\obj\delay.o
                0x000002ec                delayUS
 .text.Initialize
                0x00000310       0x14 ..\obj\datalogger.o
                0x00000310                Initialize
 .text.InitClock
                0x00000324       0x44 ..\obj\datalogger.o
                0x00000324                InitClock
 .text.InitGPIO
                0x00000368       0x64 ..\obj\datalogger.o
                0x00000368                InitGPIO
 .text.InitSPI1
                0x000003cc       0xdc ..\obj\datalogger.o
                0x000003cc                InitSPI1
 .text.main     0x000004a8      0x180 ..\obj\main.o
                0x000004a8                main
 .text.SysCtlPeripheralEnable
                0x00000628       0x4c ..\obj\sysctl.o
                0x00000628                SysCtlPeripheralEnable
 .text.SysCtlDelay
                0x00000674        0x8 ..\obj\sysctl.o
                0x00000674                SysCtlDelay
 .text.SysCtlClockSet
                0x0000067c      0x1f4 ..\obj\sysctl.o
                0x0000067c                SysCtlClockSet
 .text.SysCtlClockGet
                0x00000870      0x204 ..\obj\sysctl.o
                0x00000870                SysCtlClockGet
 .text.GPIODirModeSet
                0x00000a74       0x78 ..\obj\gpio.o
                0x00000a74                GPIODirModeSet
 .text.GPIOPadConfigSet
                0x00000aec      0x2bc ..\obj\gpio.o
                0x00000aec                GPIOPadConfigSet
 .text.GPIOPinWrite
                0x00000da8       0x2c ..\obj\gpio.o
                0x00000da8                GPIOPinWrite
 .text.GPIOPinTypeGPIOInput
                0x00000dd4       0x2c ..\obj\gpio.o
                0x00000dd4                GPIOPinTypeGPIOInput
 .text.GPIOPinTypeGPIOOutput
                0x00000e00       0x2c ..\obj\gpio.o
                0x00000e00                GPIOPinTypeGPIOOutput
 .text.GPIOPinTypeSSI
                0x00000e2c       0x2c ..\obj\gpio.o
                0x00000e2c                GPIOPinTypeSSI
 .text.GPIOPinConfigure
                0x00000e58       0x84 ..\obj\gpio.o
                0x00000e58                GPIOPinConfigure
 .text.SSIConfigSetExpClk
                0x00000edc       0x8c ..\obj\ssi.o
                0x00000edc                SSIConfigSetExpClk
 .text.SSIEnable
                0x00000f68       0x24 ..\obj\ssi.o
                0x00000f68                SSIEnable
 .text.SSIDataPutNonBlocking
                0x00000f8c       0x34 ..\obj\ssi.o
                0x00000f8c                SSIDataPutNonBlocking
 .text.SSIDataGet
                0x00000fc0       0x30 ..\obj\ssi.o
                0x00000fc0                SSIDataGet
 .text.SSIClockSourceSet
                0x00000ff0       0x20 ..\obj\ssi.o
                0x00000ff0                SSIClockSourceSet
 .text.Default_Reset_Handler
                0x00001010       0x68 ..\obj\startup_Cortex_M4.o
                0x00001010                Default_Reset_Handler
                0x00001010                Reset_Handler
 .text.Default_Handler
                0x00001078        0x8 ..\obj\startup_Cortex_M4.o
                0x00001078                PECI0_IRQHandler
                0x00001078                GPIOPortP4_IRQHandler
                0x00001078                PWM1Gen3_IRQHandler
                0x00001078                DebugMon_Handler
                0x00001078                QEI2_IRQHandler
                0x00001078                FlashCtrl_IRQHandler
                0x00001078                GPIOPortP7_IRQHandler
                0x00001078                Timer0B_IRQHandler
                0x00001078                I2C0_IRQHandler
                0x00001078                HardFault_Handler
                0x00001078                SysTick_Handler
                0x00001078                PendSV_Handler
                0x00001078                NMI_Handler
                0x00001078                I2C1_IRQHandler
                0x00001078                GPIOPortP5_IRQHandler
                0x00001078                PWMGen0_IRQHandler
                0x00001078                UART1_IRQHandler
                0x00001078                CAN1_IRQHandler
                0x00001078                Timer1B_IRQHandler
                0x00001078                WTimer5A_IRQHandler
                0x00001078                Watchdog_IRQHandler
                0x00001078                GPIOPortS_IRQHandler
                0x00001078                GPIOPortQ7_IRQHandler
                0x00001078                PWM1Gen2_IRQHandler
                0x00001078                UART0_IRQHandler
                0x00001078                GPIOPortL_IRQHandler
                0x00001078                SSI0_IRQHandler
                0x00001078                GPIOPortM_IRQHandler
                0x00001078                FPU_IRQHandler
                0x00001078                UsageFault_Handler
                0x00001078                ADCSeq1_IRQHandler
                0x00001078                GPIOPortP0_IRQHandler
                0x00001078                LPC0_IRQHandler
                0x00001078                PWMFault_IRQHandler
                0x00001078                I2C5_IRQHandler
                0x00001078                I2C4_IRQHandler
                0x00001078                GPIOPortQ5_IRQHandler
                0x00001078                PWMGen1_IRQHandler
                0x00001078                SSI1_IRQHandler
                0x00001078                I2C2_IRQHandler
                0x00001078                uDMA_IRQHandler
                0x00001078                UART5_IRQHandler
                0x00001078                GPIOPortC_IRQHandler
                0x00001078                WTimer5B_IRQHandler
                0x00001078                GPIOPortK_IRQHandler
                0x00001078                ADCSeq2_IRQHandler
                0x00001078                PWMGen2_IRQHandler
                0x00001078                UART2_IRQHandler
                0x00001078                GPIOPortP3_IRQHandler
                0x00001078                ADC1Seq0_IRQHandler
                0x00001078                UART4_IRQHandler
                0x00001078                GPIOPortJ_IRQHandler
                0x00001078                WTimer2B_IRQHandler
                0x00001078                Timer5A_IRQHandler
                0x00001078                WTimer0A_IRQHandler
                0x00001078                Timer4A_IRQHandler
                0x00001078                WTimer1A_IRQHandler
                0x00001078                uDMAErr_IRQHandler
                0x00001078                QEI1_IRQHandler
                0x00001078                PWM1Fault_IRQHandler
                0x00001078                GPIOPortP6_IRQHandler
                0x00001078                WTimer3A_IRQHandler
                0x00001078                QEI0_IRQHandler
                0x00001078                WTimer1B_IRQHandler
                0x00001078                ADC1Seq2_IRQHandler
                0x00001078                ADC1Seq1_IRQHandler
                0x00001078                PWMGen3_IRQHandler
                0x00001078                GPIOPortD_IRQHandler
                0x00001078                USB0_IRQHandler
                0x00001078                I2C3_IRQHandler
                0x00001078                WTimer0B_IRQHandler
                0x00001078                MemManage_Handler
                0x00001078                SVC_Handler
                0x00001078                GPIOPortP2_IRQHandler
                0x00001078                GPIOPortQ4_IRQHandler
                0x00001078                Timer3B_IRQHandler
                0x00001078                Timer3A_IRQHandler
                0x00001078                GPIOPortA_IRQHandler
                0x00001078                ADC1Seq3_IRQHandler
                0x00001078                Timer0A_IRQHandler
                0x00001078                GPIOPortP1_IRQHandler
                0x00001078                ADCSeq0_IRQHandler
                0x00001078                Timer1A_IRQHandler
                0x00001078                GPIOPortG_IRQHandler
                0x00001078                WTimer3B_IRQHandler
                0x00001078                Fan0_IRQHandler
                0x00001078                GPIOPortQ3_IRQHandler
                0x00001078                GPIOPortQ1_IRQHandler
                0x00001078                Timer5B_IRQHandler
                0x00001078                ADCSeq3_IRQHandler
                0x00001078                GPIOPortE_IRQHandler
                0x00001078                WTimer4B_IRQHandler
                0x00001078                CAN0_IRQHandler
                0x00001078                GPIOPortQ0_IRQHandler
                0x00001078                Comp0_IRQHandler
                0x00001078                Comp1_IRQHandler
                0x00001078                Comp2_IRQHandler
                0x00001078                GPIOPortQ6_IRQHandler
                0x00001078                SSI2_IRQHandler
                0x00001078                PWM1Gen0_IRQHandler
                0x00001078                GPIOPortF_IRQHandler
                0x00001078                UART7_IRQHandler
                0x00001078                UART6_IRQHandler
                0x00001078                GPIOPortB_IRQHandler
                0x00001078                CAN2_IRQHandler
                0x00001078                GPIOPortH_IRQHandler
                0x00001078                GPIOPortQ2_IRQHandler
                0x00001078                GPIOPortR_IRQHandler
                0x00001078                Timer4B_IRQHandler
                0x00001078                BusFault_Handler
                0x00001078                WTimer4A_IRQHandler
                0x00001078                Timer2A_IRQHandler
                0x00001078                SSI3_IRQHandler
                0x00001078                Timer2B_IRQHandler
                0x00001078                GPIOPortN_IRQHandler
                0x00001078                UART3_IRQHandler
                0x00001078                SysCtrl_IRQHandler
                0x00001078                WTimer2A_IRQHandler
                0x00001078                Hibernate_IRQHandler
                0x00001078                PWM1Gen1_IRQHandler
 .text          0x00001080      0x370 c:/program files (x86)/gnu tools arm embedded/4.9 2015q1/bin/../lib/gcc/arm-none-eabi/4.9.3/armv7e-m\libgcc.a(_arm_addsubdf3.o)
                0x00001080                __aeabi_drsub
                0x00001088                __aeabi_dsub
                0x00001088                __subdf3
                0x0000108c                __aeabi_dadd
                0x0000108c                __adddf3
                0x00001304                __floatunsidf
                0x00001304                __aeabi_ui2d
                0x00001324                __floatsidf
                0x00001324                __aeabi_i2d
                0x00001348                __aeabi_f2d
                0x00001348                __extendsfdf2
                0x00001384                __floatundidf
                0x00001384                __aeabi_ul2d
                0x00001394                __floatdidf
                0x00001394                __aeabi_l2d
 .text          0x000013f0      0x424 c:/program files (x86)/gnu tools arm embedded/4.9 2015q1/bin/../lib/gcc/arm-none-eabi/4.9.3/armv7e-m\libgcc.a(_arm_muldivdf3.o)
                0x000013f0                __aeabi_dmul
                0x000013f0                __muldf3
                0x00001644                __divdf3
                0x00001644                __aeabi_ddiv
 .text.startup.register_fini
                0x00001814       0x14 c:/program files (x86)/gnu tools arm embedded/4.9 2015q1/bin/../lib/gcc/arm-none-eabi/4.9.3/../../../../arm-none-eabi/lib/armv7e-m\libg.a(lib_a-__call_atexit.o)
 .text.atexit   0x00001828        0xc c:/program files (x86)/gnu tools arm embedded/4.9 2015q1/bin/../lib/gcc/arm-none-eabi/4.9.3/../../../../arm-none-eabi/lib/armv7e-m\libg.a(lib_a-atexit.o)
                0x00001828                atexit
 .text.__libc_fini_array
                0x00001834       0x2c c:/program files (x86)/gnu tools arm embedded/4.9 2015q1/bin/../lib/gcc/arm-none-eabi/4.9.3/../../../../arm-none-eabi/lib/armv7e-m\libg.a(lib_a-fini.o)
                0x00001834                __libc_fini_array
 .text.__register_exitproc
                0x00001860       0xa4 c:/program files (x86)/gnu tools arm embedded/4.9 2015q1/bin/../lib/gcc/arm-none-eabi/4.9.3/../../../../arm-none-eabi/lib/armv7e-m\libg.a(lib_a-__atexit.o)
                0x00001860                __register_exitproc
 *(.init)
 .init          0x00001904        0x4 c:/program files (x86)/gnu tools arm embedded/4.9 2015q1/bin/../lib/gcc/arm-none-eabi/4.9.3/armv7e-m/crti.o
                0x00001904                _init
 .init          0x00001908        0x8 c:/program files (x86)/gnu tools arm embedded/4.9 2015q1/bin/../lib/gcc/arm-none-eabi/4.9.3/armv7e-m/crtn.o
 *(.fini)
 .fini          0x00001910        0x4 c:/program files (x86)/gnu tools arm embedded/4.9 2015q1/bin/../lib/gcc/arm-none-eabi/4.9.3/armv7e-m/crti.o
                0x00001910                _fini
 .fini          0x00001914        0x8 c:/program files (x86)/gnu tools arm embedded/4.9 2015q1/bin/../lib/gcc/arm-none-eabi/4.9.3/armv7e-m/crtn.o
 *crtbegin.o(.ctors)
 *crtbegin?.o(.ctors)
 *(EXCLUDE_FILE(*crtend.o *crtend?.o) .ctors)
 *(SORT(.ctors.*))
 *(.ctors)
 *crtbegin.o(.dtors)
 *crtbegin?.o(.dtors)
 *(EXCLUDE_FILE(*crtend.o *crtend?.o) .dtors)
 *(SORT(.dtors.*))
 *(.dtors)
 *(.rodata*)
 .rodata        0x0000191c      0x1c4 ..\obj\sysctl.o
 .rodata        0x00001ae0      0x218 ..\obj\gpio.o
 .rodata.str1.4
                0x00001cf8        0x4 c:/program files (x86)/gnu tools arm embedded/4.9 2015q1/bin/../lib/gcc/arm-none-eabi/4.9.3/../../../../arm-none-eabi/lib/armv7e-m\libg.a(lib_a-impure.o)
 .rodata._global_impure_ptr
                0x00001cfc        0x4 c:/program files (x86)/gnu tools arm embedded/4.9 2015q1/bin/../lib/gcc/arm-none-eabi/4.9.3/../../../../arm-none-eabi/lib/armv7e-m\libg.a(lib_a-impure.o)
                0x00001cfc                _global_impure_ptr
 *(.eh_fram e*)

.eh_frame       0x00001d00        0x0
 .eh_frame      0x00001d00        0x0 c:/program files (x86)/gnu tools arm embedded/4.9 2015q1/bin/../lib/gcc/arm-none-eabi/4.9.3/armv7e-m/crtbegin.o

.glue_7         0x00001d00        0x0
 .glue_7        0x00000000        0x0 linker stubs

.glue_7t        0x00001d00        0x0
 .glue_7t       0x00000000        0x0 linker stubs

.vfp11_veneer   0x00001d00        0x0
 .vfp11_veneer  0x00000000        0x0 linker stubs

.v4_bx          0x00001d00        0x0
 .v4_bx         0x00000000        0x0 linker stubs

.iplt           0x00001d00        0x0
 .iplt          0x00000000        0x0 c:/program files (x86)/gnu tools arm embedded/4.9 2015q1/bin/../lib/gcc/arm-none-eabi/4.9.3/armv7e-m/crtbegin.o

.rel.dyn        0x00001d00        0x0
 .rel.iplt      0x00000000        0x0 c:/program files (x86)/gnu tools arm embedded/4.9 2015q1/bin/../lib/gcc/arm-none-eabi/4.9.3/armv7e-m/crtbegin.o

.ARM.extab
 *(.ARM.extab* .gnu.linkonce.armextab.*)
                0x00001d00                __exidx_start = .

.ARM.exidx
 *(.ARM.exidx* .gnu.linkonce.armexidx.*)
                0x00001d00                __exidx_end = .
                0x00001d00                __etext = .
                0x00001d00                _sidata = __etext

.data           0x20000000      0x478 load address 0x00001d00
                0x20000000                __data_start__ = .
                0x20000000                _sdata = __data_start__
 *(vtable)
 *(.data*)
 .data          0x20000000       0x40 ..\obj\main.o
                0x20000000                ulNVData
                0x2000000c                stack
                0x2000003c                txdata
 .data.impure_data
                0x20000040      0x428 c:/program files (x86)/gnu tools arm embedded/4.9 2015q1/bin/../lib/gcc/arm-none-eabi/4.9.3/../../../../arm-none-eabi/lib/armv7e-m\libg.a(lib_a-impure.o)
                0x20000468                . = ALIGN (0x4)
                0x20000468                PROVIDE (__preinit_array_start, .)
 *(.preinit_array)
                0x20000468                PROVIDE (__preinit_array_end, .)
                0x20000468                . = ALIGN (0x4)
                0x20000468                PROVIDE (__init_array_start, .)
 *(SORT(.init_array.*))
 .init_array.00000
                0x20000468        0x4 c:/program files (x86)/gnu tools arm embedded/4.9 2015q1/bin/../lib/gcc/arm-none-eabi/4.9.3/../../../../arm-none-eabi/lib/armv7e-m\libg.a(lib_a-__call_atexit.o)
 *(.init_array)
 .init_array    0x2000046c        0x4 c:/program files (x86)/gnu tools arm embedded/4.9 2015q1/bin/../lib/gcc/arm-none-eabi/4.9.3/armv7e-m/crtbegin.o
                0x20000470                PROVIDE (__init_array_end, .)
                0x20000470                . = ALIGN (0x4)
                0x20000470                PROVIDE (__fini_array_start, .)
 *(SORT(.fini_array.*))
 *(.fini_array)
 .fini_array    0x20000470        0x4 c:/program files (x86)/gnu tools arm embedded/4.9 2015q1/bin/../lib/gcc/arm-none-eabi/4.9.3/armv7e-m/crtbegin.o
                0x20000474                PROVIDE (__fini_array_end, .)
 *(.jcr*)
 .jcr           0x20000474        0x0 c:/program files (x86)/gnu tools arm embedded/4.9 2015q1/bin/../lib/gcc/arm-none-eabi/4.9.3/armv7e-m/crtbegin.o
 .jcr           0x20000474        0x4 c:/program files (x86)/gnu tools arm embedded/4.9 2015q1/bin/../lib/gcc/arm-none-eabi/4.9.3/armv7e-m/crtend.o
                0x20000478                . = ALIGN (0x4)
                0x20000478                __data_end__ = .
                0x20000478                _edata = __data_end__

.igot.plt       0x20000478        0x0 load address 0x00002178
 .igot.plt      0x00000000        0x0 c:/program files (x86)/gnu tools arm embedded/4.9 2015q1/bin/../lib/gcc/arm-none-eabi/4.9.3/armv7e-m/crtbegin.o

.bss            0x20000478      0x4fc load address 0x00002178
                0x20000478                . = ALIGN (0x4)
                0x20000478                __bss_start__ = .
                0x20000478                _sbss = __bss_start__
 *(.bss*)
 .bss           0x20000478       0x1c c:/program files (x86)/gnu tools arm embedded/4.9 2015q1/bin/../lib/gcc/arm-none-eabi/4.9.3/armv7e-m/crtbegin.o
 *(COMMON)
 COMMON         0x20000494        0x8 ..\obj\delay.o
                0x20000494                _USDELAY_BASE
                0x20000498                _MSDELAY_BASE
 *fill*         0x2000049c        0x4 
 COMMON         0x200004a0      0x4d4 ..\obj\main.o
                0x200004a0                SD_Read
                0x200004a4                FatFs
                0x200006dc                pui32DataRx
                0x200006e4                idir_name
                0x200006e8                month
                0x200006ec                br
                0x200006f0                full_date
                0x200006f8                SWRead
                0x200006fc                file_name
                0x20000708                filesize
                0x2000070c                full_time
                0x20000714                hour
                0x20000718                dir_name
                0x20000720                fr
                0x20000724                dir
                0x20000728                min
                0x20000729                year
                0x2000072a                sec
                0x2000072b                day
                0x2000072c                ulStatus
                0x20000730                t_bs
                0x20000738                hr
                0x20000740                date
                0x20000744                str
                0x2000074c                fil
                0x20000970                ifile_name
                0x20000974                . = ALIGN (0x4)
                0x20000974                __bss_end__ = .
                0x20000974                _ebss = __bss_end__

.heap           0x20000974        0x0
                0x20000974                __end__ = .
                0x20000974                _end = __end__
                0x20000974                end = __end__
 *(.heap*)
                0x20000974                __HeapLimit = .

.co_stack       0x20000974      0x804 load address 0x00002674
                0x20000978                . = ALIGN (0x8)
 *fill*         0x20000974        0x4 
 *(.co_stack .co_stack.*)
 .co_stack      0x20000978      0x800 ..\obj\startup_Cortex_M4.o
                0x20000978                pulStack
                0x20008000                __StackTop = (ORIGIN (ram) + 0x8000)
                0x200077fc                __StackLimit = (__StackTop - SIZEOF (.co_stack))
                0x20008000                PROVIDE (__stack, __StackTop)
                0x00000001                ASSERT ((__StackLimit >= __HeapLimit), region ram  overflowed with stack)
LOAD ..\obj\hibernate.o
LOAD ..\obj\delay.o
LOAD ..\obj\datalogger.o
LOAD ..\obj\i2c.o
LOAD ..\obj\flash.o
LOAD ..\obj\timer.o
LOAD ..\obj\emac.o
LOAD ..\obj\pwm.o
LOAD ..\obj\uart.o
LOAD ..\obj\fpu.o
LOAD ..\obj\sw_crc.o
LOAD ..\obj\epi.o
LOAD ..\obj\main.o
LOAD ..\obj\sysctl.o
LOAD ..\obj\usb.o
LOAD ..\obj\shamd5.o
LOAD ..\obj\can.o
LOAD ..\obj\watchdog.o
LOAD ..\obj\comp.o
LOAD ..\obj\gpio.o
LOAD ..\obj\aes.o
LOAD ..\obj\crc.o
LOAD ..\obj\onewire.o
LOAD ..\obj\interrupt.o
LOAD ..\obj\mpu.o
LOAD ..\obj\syscalls.o
LOAD ..\obj\ssi.o
LOAD ..\obj\adc.o
LOAD ..\obj\ff.o
LOAD ..\obj\lcd.o
LOAD ..\obj\qei.o
LOAD ..\obj\mmc-dk-tm4c123g.o
LOAD ..\obj\sysexc.o
LOAD ..\obj\startup_Cortex_M4.o
LOAD ..\obj\cpu.o
LOAD ..\obj\systick.o
LOAD ..\obj\udma.o
LOAD ..\obj\des.o
LOAD ..\obj\eeprom.o
LOAD c:/program files (x86)/gnu tools arm embedded/4.9 2015q1/bin/../lib/gcc/arm-none-eabi/4.9.3/../../../../arm-none-eabi/lib/armv7e-m\libstdc++.a
START GROUP
LOAD c:/program files (x86)/gnu tools arm embedded/4.9 2015q1/bin/../lib/gcc/arm-none-eabi/4.9.3/armv7e-m\libgcc.a
LOAD c:/program files (x86)/gnu tools arm embedded/4.9 2015q1/bin/../lib/gcc/arm-none-eabi/4.9.3/../../../../arm-none-eabi/lib/armv7e-m\libg.a
LOAD c:/program files (x86)/gnu tools arm embedded/4.9 2015q1/bin/../lib/gcc/arm-none-eabi/4.9.3/../../../../arm-none-eabi/lib/armv7e-m\libc.a
END GROUP
LOAD c:/program files (x86)/gnu tools arm embedded/4.9 2015q1/bin/../lib/gcc/arm-none-eabi/4.9.3/armv7e-m/crtend.o
LOAD c:/program files (x86)/gnu tools arm embedded/4.9 2015q1/bin/../lib/gcc/arm-none-eabi/4.9.3/armv7e-m/crtn.o
OUTPUT(Test040 - SPI v1.elf elf32-littlearm)

.ARM.attributes
                0x00000000       0x2a
 .ARM.attributes
                0x00000000       0x1e c:/program files (x86)/gnu tools arm embedded/4.9 2015q1/bin/../lib/gcc/arm-none-eabi/4.9.3/armv7e-m/crti.o
 .ARM.attributes
                0x0000001e       0x2e c:/program files (x86)/gnu tools arm embedded/4.9 2015q1/bin/../lib/gcc/arm-none-eabi/4.9.3/armv7e-m/crtbegin.o
 .ARM.attributes
                0x0000004c       0x33 ..\obj\delay.o
 .ARM.attributes
                0x0000007f       0x33 ..\obj\datalogger.o
 .ARM.attributes
                0x000000b2       0x33 ..\obj\main.o
 .ARM.attributes
                0x000000e5       0x33 ..\obj\sysctl.o
 .ARM.attributes
                0x00000118       0x33 ..\obj\gpio.o
 .ARM.attributes
                0x0000014b       0x33 ..\obj\ssi.o
 .ARM.attributes
                0x0000017e       0x33 ..\obj\startup_Cortex_M4.o
 .ARM.attributes
                0x000001b1       0x1e c:/program files (x86)/gnu tools arm embedded/4.9 2015q1/bin/../lib/gcc/arm-none-eabi/4.9.3/armv7e-m\libgcc.a(_arm_addsubdf3.o)
 .ARM.attributes
                0x000001cf       0x1e c:/program files (x86)/gnu tools arm embedded/4.9 2015q1/bin/../lib/gcc/arm-none-eabi/4.9.3/armv7e-m\libgcc.a(_arm_muldivdf3.o)
 .ARM.attributes
                0x000001ed       0x2e c:/program files (x86)/gnu tools arm embedded/4.9 2015q1/bin/../lib/gcc/arm-none-eabi/4.9.3/../../../../arm-none-eabi/lib/armv7e-m\libg.a(lib_a-impure.o)
 .ARM.attributes
                0x0000021b       0x2e c:/program files (x86)/gnu tools arm embedded/4.9 2015q1/bin/../lib/gcc/arm-none-eabi/4.9.3/../../../../arm-none-eabi/lib/armv7e-m\libg.a(lib_a-__call_atexit.o)
 .ARM.attributes
                0x00000249       0x2e c:/program files (x86)/gnu tools arm embedded/4.9 2015q1/bin/../lib/gcc/arm-none-eabi/4.9.3/../../../../arm-none-eabi/lib/armv7e-m\libg.a(lib_a-atexit.o)
 .ARM.attributes
                0x00000277       0x2e c:/program files (x86)/gnu tools arm embedded/4.9 2015q1/bin/../lib/gcc/arm-none-eabi/4.9.3/../../../../arm-none-eabi/lib/armv7e-m\libg.a(lib_a-fini.o)
 .ARM.attributes
                0x000002a5       0x2e c:/program files (x86)/gnu tools arm embedded/4.9 2015q1/bin/../lib/gcc/arm-none-eabi/4.9.3/../../../../arm-none-eabi/lib/armv7e-m\libg.a(lib_a-__atexit.o)
 .ARM.attributes
                0x000002d3       0x2e c:/program files (x86)/gnu tools arm embedded/4.9 2015q1/bin/../lib/gcc/arm-none-eabi/4.9.3/armv7e-m/crtend.o
 .ARM.attributes
                0x00000301       0x1e c:/program files (x86)/gnu tools arm embedded/4.9 2015q1/bin/../lib/gcc/arm-none-eabi/4.9.3/armv7e-m/crtn.o

.comment        0x00000000       0x70
 .comment       0x00000000       0x70 ..\obj\delay.o
                                 0x71 (size before relaxing)
 .comment       0x00000000       0x71 ..\obj\datalogger.o
 .comment       0x00000000       0x71 ..\obj\main.o
 .comment       0x00000000       0x71 ..\obj\sysctl.o
 .comment       0x00000000       0x71 ..\obj\gpio.o
 .comment       0x00000000       0x71 ..\obj\ssi.o
 .comment       0x00000000       0x71 ..\obj\startup_Cortex_M4.o

.debug_info     0x00000000     0x2a25
 .debug_info    0x00000000       0xd4 ..\obj\delay.o
 .debug_info    0x000000d4      0x1aa ..\obj\datalogger.o
 .debug_info    0x0000027e      0x8a9 ..\obj\main.o
 .debug_info    0x00000b27      0xac6 ..\obj\sysctl.o
 .debug_info    0x000015ed      0xc60 ..\obj\gpio.o
 .debug_info    0x0000224d      0x696 ..\obj\ssi.o
 .debug_info    0x000028e3      0x142 ..\obj\startup_Cortex_M4.o

.debug_abbrev   0x00000000      0x6e2
 .debug_abbrev  0x00000000       0x64 ..\obj\delay.o
 .debug_abbrev  0x00000064       0xe5 ..\obj\datalogger.o
 .debug_abbrev  0x00000149      0x108 ..\obj\main.o
 .debug_abbrev  0x00000251      0x1a7 ..\obj\sysctl.o
 .debug_abbrev  0x000003f8      0x104 ..\obj\gpio.o
 .debug_abbrev  0x000004fc      0x11e ..\obj\ssi.o
 .debug_abbrev  0x0000061a       0xc8 ..\obj\startup_Cortex_M4.o

.debug_aranges  0x00000000      0x528
 .debug_aranges
                0x00000000       0x28 ..\obj\delay.o
 .debug_aranges
                0x00000028       0x70 ..\obj\datalogger.o
 .debug_aranges
                0x00000098       0x20 ..\obj\main.o
 .debug_aranges
                0x000000b8      0x1e0 ..\obj\sysctl.o
 .debug_aranges
                0x00000298      0x190 ..\obj\gpio.o
 .debug_aranges
                0x00000428       0xd8 ..\obj\ssi.o
 .debug_aranges
                0x00000500       0x28 ..\obj\startup_Cortex_M4.o

.debug_ranges   0x00000000      0x4b8
 .debug_ranges  0x00000000       0x18 ..\obj\delay.o
 .debug_ranges  0x00000018       0x60 ..\obj\datalogger.o
 .debug_ranges  0x00000078       0x10 ..\obj\main.o
 .debug_ranges  0x00000088      0x1d0 ..\obj\sysctl.o
 .debug_ranges  0x00000258      0x180 ..\obj\gpio.o
 .debug_ranges  0x000003d8       0xc8 ..\obj\ssi.o
 .debug_ranges  0x000004a0       0x18 ..\obj\startup_Cortex_M4.o

.debug_line     0x00000000     0x188c
 .debug_line    0x00000000       0x80 ..\obj\delay.o
 .debug_line    0x00000080      0x225 ..\obj\datalogger.o
 .debug_line    0x000002a5      0x1ef ..\obj\main.o
 .debug_line    0x00000494      0x71a ..\obj\sysctl.o
 .debug_line    0x00000bae      0x7f8 ..\obj\gpio.o
 .debug_line    0x000013a6      0x37a ..\obj\ssi.o
 .debug_line    0x00001720      0x16c ..\obj\startup_Cortex_M4.o

.debug_str      0x00000000     0x1564
 .debug_str     0x00000000      0x17c ..\obj\delay.o
                                0x1b0 (size before relaxing)
 .debug_str     0x0000017c       0xe8 ..\obj\datalogger.o
                                0x25f (size before relaxing)
 .debug_str     0x00000264      0x36a ..\obj\main.o
                                0x524 (size before relaxing)
 .debug_str     0x000005ce      0x711 ..\obj\sysctl.o
                                0x836 (size before relaxing)
 .debug_str     0x00000cdf      0x516 ..\obj\gpio.o
                                0x674 (size before relaxing)
 .debug_str     0x000011f5      0x2bd ..\obj\ssi.o
                                0x450 (size before relaxing)
 .debug_str     0x000014b2       0xb2 ..\obj\startup_Cortex_M4.o
                                0x1cf (size before relaxing)

.debug_frame    0x00000000     0x1604
 .debug_frame   0x00000000       0x58 ..\obj\delay.o
 .debug_frame   0x00000058      0x158 ..\obj\datalogger.o
 .debug_frame   0x000001b0       0x2c ..\obj\main.o
 .debug_frame   0x000001dc      0x844 ..\obj\sysctl.o
 .debug_frame   0x00000a20      0x6f8 ..\obj\gpio.o
 .debug_frame   0x00001118      0x3c8 ..\obj\ssi.o
 .debug_frame   0x000014e0       0x4c ..\obj\startup_Cortex_M4.o
 .debug_frame   0x0000152c       0x50 c:/program files (x86)/gnu tools arm embedded/4.9 2015q1/bin/../lib/gcc/arm-none-eabi/4.9.3/../../../../arm-none-eabi/lib/armv7e-m\libg.a(lib_a-__call_atexit.o)
 .debug_frame   0x0000157c       0x20 c:/program files (x86)/gnu tools arm embedded/4.9 2015q1/bin/../lib/gcc/arm-none-eabi/4.9.3/../../../../arm-none-eabi/lib/armv7e-m\libg.a(lib_a-atexit.o)
 .debug_frame   0x0000159c       0x34 c:/program files (x86)/gnu tools arm embedded/4.9 2015q1/bin/../lib/gcc/arm-none-eabi/4.9.3/../../../../arm-none-eabi/lib/armv7e-m\libg.a(lib_a-fini.o)
 .debug_frame   0x000015d0       0x34 c:/program files (x86)/gnu tools arm embedded/4.9 2015q1/bin/../lib/gcc/arm-none-eabi/4.9.3/../../../../arm-none-eabi/lib/armv7e-m\libg.a(lib_a-__atexit.o)
